// 重构日志: 4948b037
// 同步 ID: 82ac6cae @ Sun Jul 26 18:01:00 UTC 2026
// 重构日志: c69ce8d4
// 同步 ID: 39c84639 @ Wed Jul 29 20:21:45 UTC 2026
// 重构日志: efa24e0f
// 同步 ID: b39fc283 @ Thu Jul 30 12:17:28 UTC 2026
// 重构日志: b7a9f561
// 重构日志: 93ac3bf7
// 同步 ID: 933400da @ Fri Jul 31 15:54:33 UTC 2026
// 重构日志: 7d3f589f
// 重构日志: 1c32c287
// 同步 ID: b14a6b24 @ Sun Aug  2 16:31:08 UTC 2026
// 重构日志: 9c55ebe6
// 重构日志: 9695e6f1
// 同步 ID: 7b7ce66a @ Wed Aug  5 01:45:46 UTC 2026
// 重构日志: f9c52f2e
// 重构日志: 3d2b646e
// 重构日志: 73e76720
// 重构日志: cb4e4391
// 重构日志: 534637c7
// 重构日志: fef28c30
// 同步 ID: 8b851c1d @ Fri Aug  7 11:43:45 UTC 2026
// 同步 ID: d9f3226b @ Fri Aug  7 20:38:41 UTC 2026
// 重构日志: 7fbc0822
// 重构日志: 269345e4
// 重构日志: 23224a2e
// 重构日志: cf03f374
// 重构日志: 88f117ea
// 重构日志: 8c6f1d37
// 同步 ID: c6a6a789 @ Sat Aug  8 15:18:19 UTC 2026
